DS3231.cpp:12:1:DS3231::DS3231()	16	static
DS3231.cpp:19:6:void DS3231::initGPIO()	16	static
DS3231.cpp:34:6:void DS3231::initI2C3()	16	static
DS3231.cpp:43:6:void DS3231::initExternalInterrupt()	16	static
DS3231.cpp:50:6:void DS3231::readFromRegister(uint8_t, uint8_t*, int)	32	static
DS3231.cpp:77:6:void DS3231::writeToRegister(uint8_t, uint8_t*, int)	32	static
DS3231.cpp:96:6:void DS3231::sendAlarm(DateTime)	32	static
DS3231.cpp:110:6:void DS3231::setCurrentDateTime(DateTime)	32	static
DS3231.cpp:130:6:void DS3231::getDateTime(DateTime*)	24	static
DS3231.cpp:143:6:void DS3231::disableAlarmMode()	24	static
DS3231.cpp:148:6:void DS3231::deleteAlarms()	32	static
DS3231.cpp:155:5:int DS3231::bcdToDecimal(uint8_t)	24	static
DS3231.cpp:161:9:uint8_t DS3231::decimalToBcd(int)	24	static
stl_list.h:585:7:std::__cxx11::list<_Tp, _Alloc>::list() [with _Tp = DateTime; _Alloc = std::allocator<DateTime>]	16	static
stl_list.h:955:7:std::__cxx11::list<_Tp, _Alloc>::size_type std::__cxx11::list<_Tp, _Alloc>::size() const [with _Tp = DateTime; _Alloc = std::allocator<DateTime>]	16	static
stl_list.h:840:7:std::__cxx11::list<_Tp, _Alloc>::iterator std::__cxx11::list<_Tp, _Alloc>::begin() [with _Tp = DateTime; _Alloc = std::allocator<DateTime>]	24	static
stl_list.h:227:7:std::_List_const_iterator< <template-parameter-1-1> >::_List_const_iterator(const iterator&) [with _Tp = DateTime]	16	static
list.tcc:149:5:std::__cxx11::list<_Tp, _Alloc>::iterator std::__cxx11::list<_Tp, _Alloc>::erase(std::__cxx11::list<_Tp, _Alloc>::const_iterator) [with _Tp = DateTime; _Alloc = std::allocator<DateTime>]	24	static
stl_list.h:400:7:std::__cxx11::_List_base<_Tp, _Alloc>::_List_base() [with _Tp = DateTime; _Alloc = std::allocator<DateTime>]	16	static
stl_list.h:364:14:std::size_t std::__cxx11::_List_base<_Tp, _Alloc>::_M_node_count() const [with _Tp = DateTime; _Alloc = std::allocator<DateTime>]	16	static
stl_list.h:143:7:std::_List_iterator< <template-parameter-1-1> >::_List_iterator(std::__detail::_List_node_base*) [with _Tp = DateTime]	16	static
stl_list.h:1778:7:void std::__cxx11::list<_Tp, _Alloc>::_M_erase(std::__cxx11::list<_Tp, _Alloc>::iterator) [with _Tp = DateTime; _Alloc = std::allocator<DateTime>]	32	static
stl_list.h:231:7:std::_List_const_iterator< <template-parameter-1-1> >::iterator std::_List_const_iterator< <template-parameter-1-1> >::_M_const_cast() const [with _Tp = DateTime]	24	static
stl_list.h:332:2:std::__cxx11::_List_base<_Tp, _Alloc>::_List_impl::_List_impl() [with _Tp = DateTime; _Alloc = std::allocator<DateTime>]	16	static
stl_list.h:448:7:void std::__cxx11::_List_base<_Tp, _Alloc>::_M_init() [with _Tp = DateTime; _Alloc = std::allocator<DateTime>]	16	static
stl_list.h:113:18:_Tp* std::_List_node<_Tp>::_M_valptr() [with _Tp = DateTime]	16	static
stl_list.h:393:7:std::__cxx11::_List_base<_Tp, _Alloc>::_Node_alloc_type& std::__cxx11::_List_base<_Tp, _Alloc>::_M_get_Node_allocator() [with _Tp = DateTime; _Alloc = std::allocator<DateTime>]	16	static
alloc_traits.h:486:2:static void std::allocator_traits<std::allocator<_Tp1> >::destroy(std::allocator_traits<std::allocator<_Tp1> >::allocator_type&, _Up*) [with _Up = DateTime; _Tp = std::_List_node<DateTime>]	16	static
stl_list.h:386:7:void std::__cxx11::_List_base<_Tp, _Alloc>::_M_put_node(typename std::__cxx11::_List_base<_Tp, _Alloc>::_Node_alloc_traits::pointer) [with _Tp = DateTime; _Alloc = std::allocator<DateTime>]	16	static
stl_list.h:114:18:const _Tp* std::_List_node<_Tp>::_M_valptr() const [with _Tp = unsigned int]	16	static
stl_list.h:356:12:void std::__cxx11::_List_base<_Tp, _Alloc>::_M_dec_size(std::size_t) [with _Tp = DateTime; _Alloc = std::allocator<DateTime>]	16	static
allocator.h:131:7:std::allocator< <template-parameter-1-1> >::allocator() [with _Tp = std::_List_node<DateTime>]	16	static
stl_list.h:352:12:void std::__cxx11::_List_base<_Tp, _Alloc>::_M_set_size(std::size_t) [with _Tp = DateTime; _Alloc = std::allocator<DateTime>]	16	static
aligned_buffer.h:70:7:_Tp* __gnu_cxx::__aligned_membuf<_Tp>::_M_ptr() [with _Tp = DateTime]	16	static
new_allocator.h:124:9:void __gnu_cxx::new_allocator<_Tp>::destroy(_Up*) [with _Up = DateTime; _Tp = std::_List_node<DateTime>]	16	static
alloc_traits.h:461:7:static void std::allocator_traits<std::allocator<_Tp1> >::deallocate(std::allocator_traits<std::allocator<_Tp1> >::allocator_type&, std::allocator_traits<std::allocator<_Tp1> >::pointer, std::allocator_traits<std::allocator<_Tp1> >::size_type) [with _Tp = std::_List_node<DateTime>]	24	static
aligned_buffer.h:74:7:const _Tp* __gnu_cxx::__aligned_membuf<_Tp>::_M_ptr() const [with _Tp = unsigned int]	16	static
stl_list.h:113:18:_Tp* std::_List_node<_Tp>::_M_valptr() [with _Tp = unsigned int]	16	static
new_allocator.h:79:7:__gnu_cxx::new_allocator<_Tp>::new_allocator() [with _Tp = std::_List_node<DateTime>]	16	static
aligned_buffer.h:62:7:void* __gnu_cxx::__aligned_membuf<_Tp>::_M_addr() [with _Tp = DateTime]	16	static
new_allocator.h:109:7:void __gnu_cxx::new_allocator<_Tp>::deallocate(__gnu_cxx::new_allocator<_Tp>::pointer, __gnu_cxx::new_allocator<_Tp>::size_type) [with _Tp = std::_List_node<DateTime>]	24	static
aligned_buffer.h:66:7:const void* __gnu_cxx::__aligned_membuf<_Tp>::_M_addr() const [with _Tp = unsigned int]	16	static
aligned_buffer.h:70:7:_Tp* __gnu_cxx::__aligned_membuf<_Tp>::_M_ptr() [with _Tp = unsigned int]	16	static
aligned_buffer.h:62:7:void* __gnu_cxx::__aligned_membuf<_Tp>::_M_addr() [with _Tp = unsigned int]	16	static
