core_cm4.h:1626:22:void NVIC_EnableIRQ(IRQn_Type)	16	static
core_cm4.h:1637:22:void NVIC_DisableIRQ(IRQn_Type)	16	static
new:146:14:void* operator new(std::size_t, void*)	16	static
gthr-default.h:229:1:int __gthread_key_delete(__gthread_key_t)	16	static
main.cpp:41:6:int main()	16	static
main.cpp:62:6:void initSystemClock()	8	static
main.cpp:97:6:void EXTI2_IRQHandler()	96	static
main.cpp:131:6:void UART4_IRQHandler()	464	static
main.cpp:242:6:void initTimer7()	4	static
main.cpp:253:6:void TIM7_IRQHandler()	8	static
stl_list.h:955:7:std::__cxx11::list<_Tp, _Alloc>::size_type std::__cxx11::list<_Tp, _Alloc>::size() const [with _Tp = DateTime; _Alloc = std::allocator<DateTime>]	16	static
stl_list.h:1009:7:std::__cxx11::list<_Tp, _Alloc>::reference std::__cxx11::list<_Tp, _Alloc>::front() [with _Tp = DateTime; _Alloc = std::allocator<DateTime>]	24	static
stl_list.h:840:7:std::__cxx11::list<_Tp, _Alloc>::iterator std::__cxx11::list<_Tp, _Alloc>::begin() [with _Tp = DateTime; _Alloc = std::allocator<DateTime>]	24	static
stl_list.h:227:7:std::_List_const_iterator< <template-parameter-1-1> >::_List_const_iterator(const iterator&) [with _Tp = DateTime]	16	static
list.tcc:149:5:std::__cxx11::list<_Tp, _Alloc>::iterator std::__cxx11::list<_Tp, _Alloc>::erase(std::__cxx11::list<_Tp, _Alloc>::const_iterator) [with _Tp = DateTime; _Alloc = std::allocator<DateTime>]	24	static
stl_list.h:1097:7:void std::__cxx11::list<_Tp, _Alloc>::push_back(const value_type&) [with _Tp = DateTime; _Alloc = std::allocator<DateTime>]	16	static
stl_list.h:364:14:std::size_t std::__cxx11::_List_base<_Tp, _Alloc>::_M_node_count() const [with _Tp = DateTime; _Alloc = std::allocator<DateTime>]	16	static
stl_list.h:152:7:_Tp& std::_List_iterator< <template-parameter-1-1> >::operator*() const [with _Tp = DateTime]	16	static
stl_list.h:143:7:std::_List_iterator< <template-parameter-1-1> >::_List_iterator(std::__detail::_List_node_base*) [with _Tp = DateTime]	16	static
stl_list.h:1778:7:void std::__cxx11::list<_Tp, _Alloc>::_M_erase(std::__cxx11::list<_Tp, _Alloc>::iterator) [with _Tp = DateTime; _Alloc = std::allocator<DateTime>]	32	static
stl_list.h:231:7:std::_List_const_iterator< <template-parameter-1-1> >::iterator std::_List_const_iterator< <template-parameter-1-1> >::_M_const_cast() const [with _Tp = DateTime]	24	static
stl_list.h:858:7:std::__cxx11::list<_Tp, _Alloc>::iterator std::__cxx11::list<_Tp, _Alloc>::end() [with _Tp = DateTime; _Alloc = std::allocator<DateTime>]	24	static
move.h:76:5:constexpr _Tp&& std::forward(typename std::remove_reference<_From>::type&) [with _Tp = const DateTime&]	16	static
stl_list.h:1768:8:) [with _Args = {const DateTime&}; _Tp = DateTime; _Alloc = std::allocator<DateTime>]	32	static
stl_list.h:114:18:const _Tp* std::_List_node<_Tp>::_M_valptr() const [with _Tp = unsigned int]	16	static
stl_list.h:113:18:_Tp* std::_List_node<_Tp>::_M_valptr() [with _Tp = DateTime]	16	static
stl_list.h:356:12:void std::__cxx11::_List_base<_Tp, _Alloc>::_M_dec_size(std::size_t) [with _Tp = DateTime; _Alloc = std::allocator<DateTime>]	16	static
stl_list.h:393:7:std::__cxx11::_List_base<_Tp, _Alloc>::_Node_alloc_type& std::__cxx11::_List_base<_Tp, _Alloc>::_M_get_Node_allocator() [with _Tp = DateTime; _Alloc = std::allocator<DateTime>]	16	static
alloc_traits.h:486:2:static void std::allocator_traits<std::allocator<_CharT> >::destroy(std::allocator_traits<std::allocator<_CharT> >::allocator_type&, _Up*) [with _Up = DateTime; _Tp = std::_List_node<DateTime>]	16	static
stl_list.h:386:7:void std::__cxx11::_List_base<_Tp, _Alloc>::_M_put_node(typename std::__cxx11::_List_base<_Tp, _Alloc>::_Node_alloc_traits::pointer) [with _Tp = DateTime; _Alloc = std::allocator<DateTime>]	16	static
stl_list.h:566:9:) [with _Args = {const DateTime&}; _Tp = DateTime; _Alloc = std::allocator<DateTime>]	40	static
stl_list.h:354:12:void std::__cxx11::_List_base<_Tp, _Alloc>::_M_inc_size(std::size_t) [with _Tp = DateTime; _Alloc = std::allocator<DateTime>]	16	static
aligned_buffer.h:74:7:const _Tp* __gnu_cxx::__aligned_membuf<_Tp>::_M_ptr() const [with _Tp = unsigned int]	16	static
aligned_buffer.h:70:7:_Tp* __gnu_cxx::__aligned_membuf<_Tp>::_M_ptr() [with _Tp = DateTime]	16	static
stl_list.h:113:18:_Tp* std::_List_node<_Tp>::_M_valptr() [with _Tp = unsigned int]	16	static
new_allocator.h:124:9:void __gnu_cxx::new_allocator<_Tp>::destroy(_Up*) [with _Up = DateTime; _Tp = std::_List_node<DateTime>]	16	static
alloc_traits.h:461:7:static void std::allocator_traits<std::allocator<_CharT> >::deallocate(std::allocator_traits<std::allocator<_CharT> >::allocator_type&, std::allocator_traits<std::allocator<_CharT> >::pointer, std::allocator_traits<std::allocator<_CharT> >::size_type) [with _Tp = std::_List_node<DateTime>]	24	static
stl_list.h:382:7:typename std::__cxx11::_List_base<_Tp, _Alloc>::_Node_alloc_traits::pointer std::__cxx11::_List_base<_Tp, _Alloc>::_M_get_node() [with _Tp = DateTime; _Alloc = std::allocator<DateTime>]	16	static
allocated_ptr.h:52:7:std::__allocated_ptr<_Alloc>::__allocated_ptr(_Alloc&, std::__allocated_ptr<_Alloc>::pointer) [with _Alloc = std::allocator<std::_List_node<DateTime> >]	24	static
allocated_ptr.h:70:7:std::__allocated_ptr<_Alloc>::~__allocated_ptr() [with _Alloc = std::allocator<std::_List_node<DateTime> >]	16	static
alloc_traits.h:474:2:) [with _Up = DateTime; _Args = {const DateTime&}; _Tp = std::_List_node<DateTime>]	24	static
allocated_ptr.h:78:7:std::__allocated_ptr<_Alloc>& std::__allocated_ptr<_Alloc>::operator=(std::nullptr_t) [with _Alloc = std::allocator<std::_List_node<DateTime> >]	16	static
aligned_buffer.h:66:7:const void* __gnu_cxx::__aligned_membuf<_Tp>::_M_addr() const [with _Tp = unsigned int]	16	static
aligned_buffer.h:62:7:void* __gnu_cxx::__aligned_membuf<_Tp>::_M_addr() [with _Tp = DateTime]	16	static
aligned_buffer.h:70:7:_Tp* __gnu_cxx::__aligned_membuf<_Tp>::_M_ptr() [with _Tp = unsigned int]	16	static
new_allocator.h:109:7:void __gnu_cxx::new_allocator<_Tp>::deallocate(__gnu_cxx::new_allocator<_Tp>::pointer, __gnu_cxx::new_allocator<_Tp>::size_type) [with _Tp = std::_List_node<DateTime>]	24	static
alloc_traits.h:435:7:static _Tp* std::allocator_traits<std::allocator<_CharT> >::allocate(std::allocator_traits<std::allocator<_CharT> >::allocator_type&, std::allocator_traits<std::allocator<_CharT> >::size_type) [with _Tp = std::_List_node<DateTime>]	16	static
move.h:47:5:_Tp* std::__addressof(_Tp&) [with _Tp = std::allocator<std::_List_node<DateTime> >]	16	static
new_allocator.h:119:9:) [with _Up = DateTime; _Args = {const DateTime&}; _Tp = std::_List_node<DateTime>]	32	static
aligned_buffer.h:62:7:void* __gnu_cxx::__aligned_membuf<_Tp>::_M_addr() [with _Tp = unsigned int]	16	static
new_allocator.h:99:7:_Tp* __gnu_cxx::new_allocator<_Tp>::allocate(__gnu_cxx::new_allocator<_Tp>::size_type, const void*) [with _Tp = std::_List_node<DateTime>]	24	static
new_allocator.h:113:7:__gnu_cxx::new_allocator<_Tp>::size_type __gnu_cxx::new_allocator<_Tp>::max_size() const [with _Tp = std::_List_node<DateTime>]	16	static
HC05.h:17:7:HC05::~HC05()	16	static
stl_list.h:503:11:std::__cxx11::list<DateTime>::~list()	16	static
DS3231.h:24:7:DS3231::~DS3231()	16	static
main.cpp:272:1:void __static_initialization_and_destruction_0(int, int)	16	static
stl_list.h:323:14:std::__cxx11::_List_base<DateTime, std::allocator<DateTime> >::_List_impl::~_List_impl()	16	static
stl_list.h:441:7:std::__cxx11::_List_base<_Tp, _Alloc>::~_List_base() [with _Tp = DateTime; _Alloc = std::allocator<DateTime>]	16	static
allocator.h:139:7:std::allocator< <template-parameter-1-1> >::~allocator() [with _Tp = std::_List_node<DateTime>]	16	static
list.tcc:65:5:void std::__cxx11::_List_base<_Tp, _Alloc>::_M_clear() [with _Tp = DateTime; _Alloc = std::allocator<DateTime>]	32	static
new_allocator.h:86:7:__gnu_cxx::new_allocator<_Tp>::~new_allocator() [with _Tp = std::_List_node<DateTime>]	16	static
main.cpp:272:1:cpp)	8	static
